// Jest Snapshot v1, https://goo.gl/fbAQLP

exports[` 1`] = `
<View
  style={
    {
      "flex": 1,
    }
  }
>
  <View
    style={
      [
        {
          "alignItems": "center",
          "backgroundColor": "#EDEAF8",
          "borderRadius": 50,
          "height": 100,
          "justifyContent": "center",
          "width": 100,
        },
        undefined,
      ]
    }
  >
    <Text
      style={
        [
          {
            "color": "#8973CD",
          },
          {
            "fontFamily": "Poppins-Medium",
            "fontSize": 28,
            "lineHeight": 42,
          },
          undefined,
        ]
      }
    >
      T
    </Text>
  </View>
  <View
    entering={BaseAnimationMock {}}
    exiting={BaseAnimationMock {}}
    layout={BaseAnimationMock {}}
    style={
      [
        {
          "alignItems": "center",
          "borderRadius": 10,
          "height": 100,
          "paddingHorizontal": 24,
          "width": "100%",
          "zIndex": 100,
        },
        {
          "alignSelf": "center",
          "top": 150,
        },
        undefined,
        {
          "backgroundColor": "transparent",
          "marginTop": -110,
          "position": "absolute",
        },
      ]
    }
  >
    <View
      accessible={true}
      collapsable={false}
      focusable={true}
      onClick={[Function]}
      onResponderGrant={[Function]}
      onResponderMove={[Function]}
      onResponderRelease={[Function]}
      onResponderTerminate={[Function]}
      onResponderTerminationRequest={[Function]}
      onStartShouldSetResponder={[Function]}
      style={
        {
          "flex": 1,
          "flexDirection": "row",
          "opacity": 1,
        }
      }
    >
      <View
        style={
          {
            "alignItems": "center",
            "borderRadius": 100,
            "height": 28,
            "justifyContent": "center",
            "marginLeft": 18,
            "marginTop": 21,
            "width": 28,
            "zIndex": 100,
          }
        }
      />
      <View
        style={
          {
            "flex": 1,
            "zIndex": 100,
          }
        }
      >
        <Text
          ellipsizeMode="middle"
          numberOfLines={3}
          style={
            [
              {
                "fontWeight": "500",
                "marginTop": 17,
                "paddingHorizontal": 20,
              },
              {
                "color": "#FFFFFF",
              },
            ]
          }
        />
        <Text
          ellipsizeMode="middle"
          numberOfLines={3}
          style={
            [
              {
                "fontWeight": "400",
                "marginTop": 6,
                "paddingHorizontal": 20,
              },
              {
                "color": "#FFFFFF",
              },
            ]
          }
        />
      </View>
    </View>
  </View>
</View>
`;

exports[` 2`] = `
<View
  style={
    {
      "flex": 1,
    }
  }
>
  <View
    style={
      [
        {
          "alignItems": "center",
          "backgroundColor": "#EDEAF8",
          "borderRadius": 50,
          "height": 100,
          "justifyContent": "center",
          "width": 100,
        },
        undefined,
      ]
    }
  >
    <Text
      style={
        [
          {
            "color": "#8973CD",
          },
          {
            "fontFamily": "Poppins-Medium",
            "fontSize": 28,
            "lineHeight": 42,
          },
          undefined,
        ]
      }
    >
      T
    </Text>
  </View>
  <View
    entering={BaseAnimationMock {}}
    exiting={BaseAnimationMock {}}
    layout={BaseAnimationMock {}}
    style={
      [
        {
          "alignItems": "center",
          "borderRadius": 10,
          "height": 100,
          "paddingHorizontal": 24,
          "width": "100%",
          "zIndex": 100,
        },
        {
          "alignSelf": "center",
          "top": 150,
        },
        undefined,
        {
          "backgroundColor": "transparent",
          "marginTop": -110,
          "position": "absolute",
        },
      ]
    }
  >
    <View
      accessible={true}
      collapsable={false}
      focusable={true}
      onClick={[Function]}
      onResponderGrant={[Function]}
      onResponderMove={[Function]}
      onResponderRelease={[Function]}
      onResponderTerminate={[Function]}
      onResponderTerminationRequest={[Function]}
      onStartShouldSetResponder={[Function]}
      style={
        {
          "flex": 1,
          "flexDirection": "row",
          "opacity": 1,
        }
      }
    >
      <View
        style={
          {
            "alignItems": "center",
            "borderRadius": 100,
            "height": 28,
            "justifyContent": "center",
            "marginLeft": 18,
            "marginTop": 21,
            "width": 28,
            "zIndex": 100,
          }
        }
      />
      <View
        style={
          {
            "flex": 1,
            "zIndex": 100,
          }
        }
      >
        <Text
          ellipsizeMode="middle"
          numberOfLines={3}
          style={
            [
              {
                "fontWeight": "500",
                "marginTop": 17,
                "paddingHorizontal": 20,
              },
              {
                "color": "#FFFFFF",
              },
            ]
          }
        />
        <Text
          ellipsizeMode="middle"
          numberOfLines={3}
          style={
            [
              {
                "fontWeight": "400",
                "marginTop": 6,
                "paddingHorizontal": 20,
              },
              {
                "color": "#FFFFFF",
              },
            ]
          }
        />
      </View>
    </View>
  </View>
</View>
`;

exports[` 3`] = `
<View
  style={
    {
      "flex": 1,
    }
  }
>
  <View
    style={
      [
        {
          "alignItems": "center",
          "backgroundColor": "#EDEAF8",
          "borderRadius": 50,
          "height": 100,
          "justifyContent": "center",
          "width": 100,
        },
        undefined,
      ]
    }
  >
    <Image
      resizeMethod="auto"
      source={
        {
          "uri": "https://docs.teraportfoy.com/test-images/sliders/slider_1.jpg",
        }
      }
      style={
        [
          {
            "borderRadius": 50,
            "height": 100,
            "width": 100,
          },
        ]
      }
    />
  </View>
  <View
    entering={BaseAnimationMock {}}
    exiting={BaseAnimationMock {}}
    layout={BaseAnimationMock {}}
    style={
      [
        {
          "alignItems": "center",
          "borderRadius": 10,
          "height": 100,
          "paddingHorizontal": 24,
          "width": "100%",
          "zIndex": 100,
        },
        {
          "alignSelf": "center",
          "top": 150,
        },
        undefined,
        {
          "backgroundColor": "transparent",
          "marginTop": -110,
          "position": "absolute",
        },
      ]
    }
  >
    <View
      accessible={true}
      collapsable={false}
      focusable={true}
      onClick={[Function]}
      onResponderGrant={[Function]}
      onResponderMove={[Function]}
      onResponderRelease={[Function]}
      onResponderTerminate={[Function]}
      onResponderTerminationRequest={[Function]}
      onStartShouldSetResponder={[Function]}
      style={
        {
          "flex": 1,
          "flexDirection": "row",
          "opacity": 1,
        }
      }
    >
      <View
        style={
          {
            "alignItems": "center",
            "borderRadius": 100,
            "height": 28,
            "justifyContent": "center",
            "marginLeft": 18,
            "marginTop": 21,
            "width": 28,
            "zIndex": 100,
          }
        }
      />
      <View
        style={
          {
            "flex": 1,
            "zIndex": 100,
          }
        }
      >
        <Text
          ellipsizeMode="middle"
          numberOfLines={3}
          style={
            [
              {
                "fontWeight": "500",
                "marginTop": 17,
                "paddingHorizontal": 20,
              },
              {
                "color": "#FFFFFF",
              },
            ]
          }
        />
        <Text
          ellipsizeMode="middle"
          numberOfLines={3}
          style={
            [
              {
                "fontWeight": "400",
                "marginTop": 6,
                "paddingHorizontal": 20,
              },
              {
                "color": "#FFFFFF",
              },
            ]
          }
        />
      </View>
    </View>
  </View>
</View>
`;

exports[` 4`] = `
<View
  style={
    {
      "flex": 1,
    }
  }
>
  <View
    style={
      [
        {
          "alignItems": "center",
          "backgroundColor": "#EDEAF8",
          "borderRadius": 50,
          "height": 100,
          "justifyContent": "center",
          "width": 100,
        },
        undefined,
      ]
    }
  >
    <Image
      resizeMethod="auto"
      source={
        {
          "uri": "https://docs.teraportfoy.com/test-images/sliders/slider_1.jpg",
        }
      }
      style={
        [
          {
            "borderRadius": 50,
            "height": 100,
            "width": 100,
          },
        ]
      }
    />
  </View>
  <View
    entering={BaseAnimationMock {}}
    exiting={BaseAnimationMock {}}
    layout={BaseAnimationMock {}}
    style={
      [
        {
          "alignItems": "center",
          "borderRadius": 10,
          "height": 100,
          "paddingHorizontal": 24,
          "width": "100%",
          "zIndex": 100,
        },
        {
          "alignSelf": "center",
          "top": 150,
        },
        undefined,
        {
          "backgroundColor": "transparent",
          "marginTop": -110,
          "position": "absolute",
        },
      ]
    }
  >
    <View
      accessible={true}
      collapsable={false}
      focusable={true}
      onClick={[Function]}
      onResponderGrant={[Function]}
      onResponderMove={[Function]}
      onResponderRelease={[Function]}
      onResponderTerminate={[Function]}
      onResponderTerminationRequest={[Function]}
      onStartShouldSetResponder={[Function]}
      style={
        {
          "flex": 1,
          "flexDirection": "row",
          "opacity": 1,
        }
      }
    >
      <View
        style={
          {
            "alignItems": "center",
            "borderRadius": 100,
            "height": 28,
            "justifyContent": "center",
            "marginLeft": 18,
            "marginTop": 21,
            "width": 28,
            "zIndex": 100,
          }
        }
      />
      <View
        style={
          {
            "flex": 1,
            "zIndex": 100,
          }
        }
      >
        <Text
          ellipsizeMode="middle"
          numberOfLines={3}
          style={
            [
              {
                "fontWeight": "500",
                "marginTop": 17,
                "paddingHorizontal": 20,
              },
              {
                "color": "#FFFFFF",
              },
            ]
          }
        />
        <Text
          ellipsizeMode="middle"
          numberOfLines={3}
          style={
            [
              {
                "fontWeight": "400",
                "marginTop": 6,
                "paddingHorizontal": 20,
              },
              {
                "color": "#FFFFFF",
              },
            ]
          }
        />
      </View>
    </View>
  </View>
</View>
`;

exports[` 5`] = `
<View
  style={
    {
      "flex": 1,
    }
  }
>
  <View
    style={
      [
        {
          "alignItems": "center",
          "backgroundColor": "#EDEAF8",
          "borderRadius": 50,
          "height": 100,
          "justifyContent": "center",
          "width": 100,
        },
        undefined,
      ]
    }
  >
    <Text
      style={
        [
          {
            "color": "#8973CD",
          },
          {
            "fontFamily": "Poppins-Medium",
            "fontSize": 28,
            "lineHeight": 42,
          },
          undefined,
        ]
      }
    >
      T
    </Text>
  </View>
  <View
    entering={BaseAnimationMock {}}
    exiting={BaseAnimationMock {}}
    layout={BaseAnimationMock {}}
    style={
      [
        {
          "alignItems": "center",
          "borderRadius": 10,
          "height": 100,
          "paddingHorizontal": 24,
          "width": "100%",
          "zIndex": 100,
        },
        {
          "alignSelf": "center",
          "top": 150,
        },
        undefined,
        {
          "backgroundColor": "transparent",
          "marginTop": -110,
          "position": "absolute",
        },
      ]
    }
  >
    <View
      accessible={true}
      collapsable={false}
      focusable={true}
      onClick={[Function]}
      onResponderGrant={[Function]}
      onResponderMove={[Function]}
      onResponderRelease={[Function]}
      onResponderTerminate={[Function]}
      onResponderTerminationRequest={[Function]}
      onStartShouldSetResponder={[Function]}
      style={
        {
          "flex": 1,
          "flexDirection": "row",
          "opacity": 1,
        }
      }
    >
      <View
        style={
          {
            "alignItems": "center",
            "borderRadius": 100,
            "height": 28,
            "justifyContent": "center",
            "marginLeft": 18,
            "marginTop": 21,
            "width": 28,
            "zIndex": 100,
          }
        }
      />
      <View
        style={
          {
            "flex": 1,
            "zIndex": 100,
          }
        }
      >
        <Text
          ellipsizeMode="middle"
          numberOfLines={3}
          style={
            [
              {
                "fontWeight": "500",
                "marginTop": 17,
                "paddingHorizontal": 20,
              },
              {
                "color": "#FFFFFF",
              },
            ]
          }
        />
        <Text
          ellipsizeMode="middle"
          numberOfLines={3}
          style={
            [
              {
                "fontWeight": "400",
                "marginTop": 6,
                "paddingHorizontal": 20,
              },
              {
                "color": "#FFFFFF",
              },
            ]
          }
        />
      </View>
    </View>
  </View>
</View>
`;

exports[` 6`] = `
<View
  style={
    {
      "flex": 1,
    }
  }
>
  <View
    style={
      {
        "flexDirection": "row",
      }
    }
  >
    <View
      style={
        {
          "marginRight": -7,
        }
      }
    >
      <View
        style={
          [
            {
              "alignItems": "center",
              "backgroundColor": "#EDEAF8",
              "borderRadius": 50,
              "height": 30,
              "justifyContent": "center",
              "width": 30,
            },
            undefined,
          ]
        }
      >
        <Text
          style={
            [
              {
                "color": "#8973CD",
              },
              {
                "fontFamily": "Poppins-Medium",
                "fontSize": 12,
                "lineHeight": 18,
              },
              undefined,
            ]
          }
        >
          T
        </Text>
      </View>
    </View>
    <View
      style={
        {
          "marginRight": -7,
        }
      }
    >
      <View
        style={
          [
            {
              "alignItems": "center",
              "backgroundColor": "#EDEAF8",
              "borderRadius": 50,
              "height": 30,
              "justifyContent": "center",
              "width": 30,
            },
            undefined,
          ]
        }
      >
        <Image
          resizeMethod="auto"
          source={
            {
              "uri": "https://docs.teraportfoy.com/test-images/sliders/slider_1.jpg",
            }
          }
          style={
            [
              {
                "borderRadius": 50,
                "height": 30,
                "width": 30,
              },
            ]
          }
        />
      </View>
    </View>
    <View
      style={
        {
          "marginRight": -7,
        }
      }
    >
      <View
        style={
          [
            {
              "alignItems": "center",
              "backgroundColor": "#EDEAF8",
              "borderRadius": 50,
              "height": 30,
              "justifyContent": "center",
              "width": 30,
            },
            undefined,
          ]
        }
      >
        <Text
          style={
            [
              {
                "color": "#8973CD",
              },
              {
                "fontFamily": "Poppins-Medium",
                "fontSize": 12,
                "lineHeight": 18,
              },
              undefined,
            ]
          }
        >
          T
        </Text>
      </View>
    </View>
    <View
      style={
        {
          "marginRight": -7,
        }
      }
    >
      <View
        style={
          [
            {
              "alignItems": "center",
              "backgroundColor": "#EDEAF8",
              "borderRadius": 50,
              "height": 30,
              "justifyContent": "center",
              "width": 30,
            },
            undefined,
          ]
        }
      >
        <Image
          resizeMethod="auto"
          source={
            {
              "uri": "https://docs.teraportfoy.com/test-images/sliders/slider_1.jpg",
            }
          }
          style={
            [
              {
                "borderRadius": 50,
                "height": 30,
                "width": 30,
              },
            ]
          }
        />
      </View>
    </View>
  </View>
  <View
    entering={BaseAnimationMock {}}
    exiting={BaseAnimationMock {}}
    layout={BaseAnimationMock {}}
    style={
      [
        {
          "alignItems": "center",
          "borderRadius": 10,
          "height": 100,
          "paddingHorizontal": 24,
          "width": "100%",
          "zIndex": 100,
        },
        {
          "alignSelf": "center",
          "top": 150,
        },
        undefined,
        {
          "backgroundColor": "transparent",
          "marginTop": -110,
          "position": "absolute",
        },
      ]
    }
  >
    <View
      accessible={true}
      collapsable={false}
      focusable={true}
      onClick={[Function]}
      onResponderGrant={[Function]}
      onResponderMove={[Function]}
      onResponderRelease={[Function]}
      onResponderTerminate={[Function]}
      onResponderTerminationRequest={[Function]}
      onStartShouldSetResponder={[Function]}
      style={
        {
          "flex": 1,
          "flexDirection": "row",
          "opacity": 1,
        }
      }
    >
      <View
        style={
          {
            "alignItems": "center",
            "borderRadius": 100,
            "height": 28,
            "justifyContent": "center",
            "marginLeft": 18,
            "marginTop": 21,
            "width": 28,
            "zIndex": 100,
          }
        }
      />
      <View
        style={
          {
            "flex": 1,
            "zIndex": 100,
          }
        }
      >
        <Text
          ellipsizeMode="middle"
          numberOfLines={3}
          style={
            [
              {
                "fontWeight": "500",
                "marginTop": 17,
                "paddingHorizontal": 20,
              },
              {
                "color": "#FFFFFF",
              },
            ]
          }
        />
        <Text
          ellipsizeMode="middle"
          numberOfLines={3}
          style={
            [
              {
                "fontWeight": "400",
                "marginTop": 6,
                "paddingHorizontal": 20,
              },
              {
                "color": "#FFFFFF",
              },
            ]
          }
        />
      </View>
    </View>
  </View>
</View>
`;

exports[` 7`] = `
<View
  style={
    {
      "flex": 1,
    }
  }
>
  <View
    style={
      {
        "flexDirection": "row",
      }
    }
  >
    <View
      style={
        {
          "marginRight": -7,
        }
      }
    >
      <View
        style={
          [
            {
              "alignItems": "center",
              "backgroundColor": "#EDEAF8",
              "borderRadius": 50,
              "height": 30,
              "justifyContent": "center",
              "width": 30,
            },
            undefined,
          ]
        }
      >
        <Text
          style={
            [
              {
                "color": "#8973CD",
              },
              {
                "fontFamily": "Poppins-Medium",
                "fontSize": 12,
                "lineHeight": 18,
              },
              undefined,
            ]
          }
        >
          T
        </Text>
      </View>
    </View>
    <View
      style={
        [
          {
            "alignItems": "center",
            "backgroundColor": "#EDEAF8",
            "borderRadius": 50,
            "height": 30,
            "justifyContent": "center",
            "width": 30,
          },
          {
            "backgroundColor": "#82B98E",
          },
        ]
      }
    >
      <Text
        style={
          [
            {
              "color": "#fff",
              "fontSize": 12,
              "fontWeight": "500",
              "lineHeight": 18,
            },
            undefined,
          ]
        }
      >
        +
        2
      </Text>
    </View>
  </View>
  <View
    entering={BaseAnimationMock {}}
    exiting={BaseAnimationMock {}}
    layout={BaseAnimationMock {}}
    style={
      [
        {
          "alignItems": "center",
          "borderRadius": 10,
          "height": 100,
          "paddingHorizontal": 24,
          "width": "100%",
          "zIndex": 100,
        },
        {
          "alignSelf": "center",
          "top": 150,
        },
        undefined,
        {
          "backgroundColor": "transparent",
          "marginTop": -110,
          "position": "absolute",
        },
      ]
    }
  >
    <View
      accessible={true}
      collapsable={false}
      focusable={true}
      onClick={[Function]}
      onResponderGrant={[Function]}
      onResponderMove={[Function]}
      onResponderRelease={[Function]}
      onResponderTerminate={[Function]}
      onResponderTerminationRequest={[Function]}
      onStartShouldSetResponder={[Function]}
      style={
        {
          "flex": 1,
          "flexDirection": "row",
          "opacity": 1,
        }
      }
    >
      <View
        style={
          {
            "alignItems": "center",
            "borderRadius": 100,
            "height": 28,
            "justifyContent": "center",
            "marginLeft": 18,
            "marginTop": 21,
            "width": 28,
            "zIndex": 100,
          }
        }
      />
      <View
        style={
          {
            "flex": 1,
            "zIndex": 100,
          }
        }
      >
        <Text
          ellipsizeMode="middle"
          numberOfLines={3}
          style={
            [
              {
                "fontWeight": "500",
                "marginTop": 17,
                "paddingHorizontal": 20,
              },
              {
                "color": "#FFFFFF",
              },
            ]
          }
        />
        <Text
          ellipsizeMode="middle"
          numberOfLines={3}
          style={
            [
              {
                "fontWeight": "400",
                "marginTop": 6,
                "paddingHorizontal": 20,
              },
              {
                "color": "#FFFFFF",
              },
            ]
          }
        />
      </View>
    </View>
  </View>
</View>
`;

exports[` 8`] = `
<View
  style={
    {
      "flex": 1,
    }
  }
>
  <View
    style={
      {
        "flexDirection": "row",
      }
    }
  />
  <View
    entering={BaseAnimationMock {}}
    exiting={BaseAnimationMock {}}
    layout={BaseAnimationMock {}}
    style={
      [
        {
          "alignItems": "center",
          "borderRadius": 10,
          "height": 100,
          "paddingHorizontal": 24,
          "width": "100%",
          "zIndex": 100,
        },
        {
          "alignSelf": "center",
          "top": 150,
        },
        undefined,
        {
          "backgroundColor": "transparent",
          "marginTop": -110,
          "position": "absolute",
        },
      ]
    }
  >
    <View
      accessible={true}
      collapsable={false}
      focusable={true}
      onClick={[Function]}
      onResponderGrant={[Function]}
      onResponderMove={[Function]}
      onResponderRelease={[Function]}
      onResponderTerminate={[Function]}
      onResponderTerminationRequest={[Function]}
      onStartShouldSetResponder={[Function]}
      style={
        {
          "flex": 1,
          "flexDirection": "row",
          "opacity": 1,
        }
      }
    >
      <View
        style={
          {
            "alignItems": "center",
            "borderRadius": 100,
            "height": 28,
            "justifyContent": "center",
            "marginLeft": 18,
            "marginTop": 21,
            "width": 28,
            "zIndex": 100,
          }
        }
      />
      <View
        style={
          {
            "flex": 1,
            "zIndex": 100,
          }
        }
      >
        <Text
          ellipsizeMode="middle"
          numberOfLines={3}
          style={
            [
              {
                "fontWeight": "500",
                "marginTop": 17,
                "paddingHorizontal": 20,
              },
              {
                "color": "#FFFFFF",
              },
            ]
          }
        />
        <Text
          ellipsizeMode="middle"
          numberOfLines={3}
          style={
            [
              {
                "fontWeight": "400",
                "marginTop": 6,
                "paddingHorizontal": 20,
              },
              {
                "color": "#FFFFFF",
              },
            ]
          }
        />
      </View>
    </View>
  </View>
</View>
`;

exports[`Avatar renders badge with different badge position renders badge with bottom position 1`] = `
<View
  style={
    {
      "flex": 1,
    }
  }
>
  <View
    style={
      [
        {
          "alignItems": "center",
          "backgroundColor": "#EDEAF8",
          "borderRadius": 50,
          "height": 100,
          "justifyContent": "center",
          "width": 100,
        },
        undefined,
      ]
    }
  >
    <Text
      style={
        [
          {
            "color": "#8973CD",
          },
          {
            "fontFamily": "Poppins-Medium",
            "fontSize": 28,
            "lineHeight": 42,
          },
          undefined,
        ]
      }
    >
      T
    </Text>
  </View>
  <View
    entering={BaseAnimationMock {}}
    exiting={BaseAnimationMock {}}
    layout={BaseAnimationMock {}}
    style={
      [
        {
          "alignItems": "center",
          "borderRadius": 10,
          "height": 100,
          "paddingHorizontal": 24,
          "width": "100%",
          "zIndex": 100,
        },
        {
          "alignSelf": "center",
          "top": 150,
        },
        undefined,
        {
          "backgroundColor": "transparent",
          "marginTop": -110,
          "position": "absolute",
        },
      ]
    }
  >
    <View
      accessible={true}
      collapsable={false}
      focusable={true}
      onClick={[Function]}
      onResponderGrant={[Function]}
      onResponderMove={[Function]}
      onResponderRelease={[Function]}
      onResponderTerminate={[Function]}
      onResponderTerminationRequest={[Function]}
      onStartShouldSetResponder={[Function]}
      style={
        {
          "flex": 1,
          "flexDirection": "row",
          "opacity": 1,
        }
      }
    >
      <View
        style={
          {
            "alignItems": "center",
            "borderRadius": 100,
            "height": 28,
            "justifyContent": "center",
            "marginLeft": 18,
            "marginTop": 21,
            "width": 28,
            "zIndex": 100,
          }
        }
      />
      <View
        style={
          {
            "flex": 1,
            "zIndex": 100,
          }
        }
      >
        <Text
          ellipsizeMode="middle"
          numberOfLines={3}
          style={
            [
              {
                "fontWeight": "500",
                "marginTop": 17,
                "paddingHorizontal": 20,
              },
              {
                "color": "#FFFFFF",
              },
            ]
          }
        />
        <Text
          ellipsizeMode="middle"
          numberOfLines={3}
          style={
            [
              {
                "fontWeight": "400",
                "marginTop": 6,
                "paddingHorizontal": 20,
              },
              {
                "color": "#FFFFFF",
              },
            ]
          }
        />
      </View>
    </View>
  </View>
</View>
`;

exports[`Avatar renders badge with different badge position renders badge with top position 1`] = `
<View
  style={
    {
      "flex": 1,
    }
  }
>
  <View
    style={
      [
        {
          "alignItems": "center",
          "backgroundColor": "#EDEAF8",
          "borderRadius": 50,
          "height": 100,
          "justifyContent": "center",
          "width": 100,
        },
        undefined,
      ]
    }
  >
    <Text
      style={
        [
          {
            "color": "#8973CD",
          },
          {
            "fontFamily": "Poppins-Medium",
            "fontSize": 28,
            "lineHeight": 42,
          },
          undefined,
        ]
      }
    >
      T
    </Text>
  </View>
  <View
    entering={BaseAnimationMock {}}
    exiting={BaseAnimationMock {}}
    layout={BaseAnimationMock {}}
    style={
      [
        {
          "alignItems": "center",
          "borderRadius": 10,
          "height": 100,
          "paddingHorizontal": 24,
          "width": "100%",
          "zIndex": 100,
        },
        {
          "alignSelf": "center",
          "top": 150,
        },
        undefined,
        {
          "backgroundColor": "transparent",
          "marginTop": -110,
          "position": "absolute",
        },
      ]
    }
  >
    <View
      accessible={true}
      collapsable={false}
      focusable={true}
      onClick={[Function]}
      onResponderGrant={[Function]}
      onResponderMove={[Function]}
      onResponderRelease={[Function]}
      onResponderTerminate={[Function]}
      onResponderTerminationRequest={[Function]}
      onStartShouldSetResponder={[Function]}
      style={
        {
          "flex": 1,
          "flexDirection": "row",
          "opacity": 1,
        }
      }
    >
      <View
        style={
          {
            "alignItems": "center",
            "borderRadius": 100,
            "height": 28,
            "justifyContent": "center",
            "marginLeft": 18,
            "marginTop": 21,
            "width": 28,
            "zIndex": 100,
          }
        }
      />
      <View
        style={
          {
            "flex": 1,
            "zIndex": 100,
          }
        }
      >
        <Text
          ellipsizeMode="middle"
          numberOfLines={3}
          style={
            [
              {
                "fontWeight": "500",
                "marginTop": 17,
                "paddingHorizontal": 20,
              },
              {
                "color": "#FFFFFF",
              },
            ]
          }
        />
        <Text
          ellipsizeMode="middle"
          numberOfLines={3}
          style={
            [
              {
                "fontWeight": "400",
                "marginTop": 6,
                "paddingHorizontal": 20,
              },
              {
                "color": "#FFFFFF",
              },
            ]
          }
        />
      </View>
    </View>
  </View>
</View>
`;

exports[`Avatar renders badge with different border style renders badge with circular border 1`] = `
<View
  style={
    {
      "flex": 1,
    }
  }
>
  <View
    style={
      [
        {
          "alignItems": "center",
          "backgroundColor": "#EDEAF8",
          "borderRadius": 50,
          "height": 100,
          "justifyContent": "center",
          "width": 100,
        },
        undefined,
      ]
    }
  >
    <Text
      style={
        [
          {
            "color": "#8973CD",
          },
          {
            "fontFamily": "Poppins-Medium",
            "fontSize": 28,
            "lineHeight": 42,
          },
          undefined,
        ]
      }
    >
      T
    </Text>
  </View>
  <View
    entering={BaseAnimationMock {}}
    exiting={BaseAnimationMock {}}
    layout={BaseAnimationMock {}}
    style={
      [
        {
          "alignItems": "center",
          "borderRadius": 10,
          "height": 100,
          "paddingHorizontal": 24,
          "width": "100%",
          "zIndex": 100,
        },
        {
          "alignSelf": "center",
          "top": 150,
        },
        undefined,
        {
          "backgroundColor": "transparent",
          "marginTop": -110,
          "position": "absolute",
        },
      ]
    }
  >
    <View
      accessible={true}
      collapsable={false}
      focusable={true}
      onClick={[Function]}
      onResponderGrant={[Function]}
      onResponderMove={[Function]}
      onResponderRelease={[Function]}
      onResponderTerminate={[Function]}
      onResponderTerminationRequest={[Function]}
      onStartShouldSetResponder={[Function]}
      style={
        {
          "flex": 1,
          "flexDirection": "row",
          "opacity": 1,
        }
      }
    >
      <View
        style={
          {
            "alignItems": "center",
            "borderRadius": 100,
            "height": 28,
            "justifyContent": "center",
            "marginLeft": 18,
            "marginTop": 21,
            "width": 28,
            "zIndex": 100,
          }
        }
      />
      <View
        style={
          {
            "flex": 1,
            "zIndex": 100,
          }
        }
      >
        <Text
          ellipsizeMode="middle"
          numberOfLines={3}
          style={
            [
              {
                "fontWeight": "500",
                "marginTop": 17,
                "paddingHorizontal": 20,
              },
              {
                "color": "#FFFFFF",
              },
            ]
          }
        />
        <Text
          ellipsizeMode="middle"
          numberOfLines={3}
          style={
            [
              {
                "fontWeight": "400",
                "marginTop": 6,
                "paddingHorizontal": 20,
              },
              {
                "color": "#FFFFFF",
              },
            ]
          }
        />
      </View>
    </View>
  </View>
</View>
`;

exports[`Avatar renders badge with different border style renders badge with rounded border 1`] = `
<View
  style={
    {
      "flex": 1,
    }
  }
>
  <View
    style={
      [
        {
          "alignItems": "center",
          "backgroundColor": "#EDEAF8",
          "borderRadius": 50,
          "height": 100,
          "justifyContent": "center",
          "width": 100,
        },
        undefined,
      ]
    }
  >
    <Text
      style={
        [
          {
            "color": "#8973CD",
          },
          {
            "fontFamily": "Poppins-Medium",
            "fontSize": 28,
            "lineHeight": 42,
          },
          undefined,
        ]
      }
    >
      T
    </Text>
  </View>
  <View
    entering={BaseAnimationMock {}}
    exiting={BaseAnimationMock {}}
    layout={BaseAnimationMock {}}
    style={
      [
        {
          "alignItems": "center",
          "borderRadius": 10,
          "height": 100,
          "paddingHorizontal": 24,
          "width": "100%",
          "zIndex": 100,
        },
        {
          "alignSelf": "center",
          "top": 150,
        },
        undefined,
        {
          "backgroundColor": "transparent",
          "marginTop": -110,
          "position": "absolute",
        },
      ]
    }
  >
    <View
      accessible={true}
      collapsable={false}
      focusable={true}
      onClick={[Function]}
      onResponderGrant={[Function]}
      onResponderMove={[Function]}
      onResponderRelease={[Function]}
      onResponderTerminate={[Function]}
      onResponderTerminationRequest={[Function]}
      onStartShouldSetResponder={[Function]}
      style={
        {
          "flex": 1,
          "flexDirection": "row",
          "opacity": 1,
        }
      }
    >
      <View
        style={
          {
            "alignItems": "center",
            "borderRadius": 100,
            "height": 28,
            "justifyContent": "center",
            "marginLeft": 18,
            "marginTop": 21,
            "width": 28,
            "zIndex": 100,
          }
        }
      />
      <View
        style={
          {
            "flex": 1,
            "zIndex": 100,
          }
        }
      >
        <Text
          ellipsizeMode="middle"
          numberOfLines={3}
          style={
            [
              {
                "fontWeight": "500",
                "marginTop": 17,
                "paddingHorizontal": 20,
              },
              {
                "color": "#FFFFFF",
              },
            ]
          }
        />
        <Text
          ellipsizeMode="middle"
          numberOfLines={3}
          style={
            [
              {
                "fontWeight": "400",
                "marginTop": 6,
                "paddingHorizontal": 20,
              },
              {
                "color": "#FFFFFF",
              },
            ]
          }
        />
      </View>
    </View>
  </View>
</View>
`;

exports[`Avatar renders badge with different sizes renders badge with medium sizes and label prop 1`] = `
<View
  style={
    {
      "flex": 1,
    }
  }
>
  <View
    style={
      [
        {
          "alignItems": "center",
          "backgroundColor": "#EDEAF8",
          "borderRadius": 50,
          "height": 100,
          "justifyContent": "center",
          "width": 100,
        },
        undefined,
      ]
    }
  >
    <Text
      style={
        [
          {
            "color": "#8973CD",
          },
          {
            "fontFamily": "Poppins-Medium",
            "fontSize": 28,
            "lineHeight": 42,
          },
          undefined,
        ]
      }
    >
      T
    </Text>
  </View>
  <View
    entering={BaseAnimationMock {}}
    exiting={BaseAnimationMock {}}
    layout={BaseAnimationMock {}}
    style={
      [
        {
          "alignItems": "center",
          "borderRadius": 10,
          "height": 100,
          "paddingHorizontal": 24,
          "width": "100%",
          "zIndex": 100,
        },
        {
          "alignSelf": "center",
          "top": 150,
        },
        undefined,
        {
          "backgroundColor": "transparent",
          "marginTop": -110,
          "position": "absolute",
        },
      ]
    }
  >
    <View
      accessible={true}
      collapsable={false}
      focusable={true}
      onClick={[Function]}
      onResponderGrant={[Function]}
      onResponderMove={[Function]}
      onResponderRelease={[Function]}
      onResponderTerminate={[Function]}
      onResponderTerminationRequest={[Function]}
      onStartShouldSetResponder={[Function]}
      style={
        {
          "flex": 1,
          "flexDirection": "row",
          "opacity": 1,
        }
      }
    >
      <View
        style={
          {
            "alignItems": "center",
            "borderRadius": 100,
            "height": 28,
            "justifyContent": "center",
            "marginLeft": 18,
            "marginTop": 21,
            "width": 28,
            "zIndex": 100,
          }
        }
      />
      <View
        style={
          {
            "flex": 1,
            "zIndex": 100,
          }
        }
      >
        <Text
          ellipsizeMode="middle"
          numberOfLines={3}
          style={
            [
              {
                "fontWeight": "500",
                "marginTop": 17,
                "paddingHorizontal": 20,
              },
              {
                "color": "#FFFFFF",
              },
            ]
          }
        />
        <Text
          ellipsizeMode="middle"
          numberOfLines={3}
          style={
            [
              {
                "fontWeight": "400",
                "marginTop": 6,
                "paddingHorizontal": 20,
              },
              {
                "color": "#FFFFFF",
              },
            ]
          }
        />
      </View>
    </View>
  </View>
</View>
`;

exports[`Avatar renders badge with different sizes renders badge with medium sizes and source prop 1`] = `
<View
  style={
    {
      "flex": 1,
    }
  }
>
  <View
    style={
      [
        {
          "alignItems": "center",
          "backgroundColor": "#EDEAF8",
          "borderRadius": 50,
          "height": 100,
          "justifyContent": "center",
          "width": 100,
        },
        undefined,
      ]
    }
  >
    <Image
      resizeMethod="auto"
      source={
        {
          "uri": "https://docs.teraportfoy.com/test-images/sliders/slider_1.jpg",
        }
      }
      style={
        [
          {
            "borderRadius": 50,
            "height": 100,
            "width": 100,
          },
        ]
      }
    />
  </View>
  <View
    entering={BaseAnimationMock {}}
    exiting={BaseAnimationMock {}}
    layout={BaseAnimationMock {}}
    style={
      [
        {
          "alignItems": "center",
          "borderRadius": 10,
          "height": 100,
          "paddingHorizontal": 24,
          "width": "100%",
          "zIndex": 100,
        },
        {
          "alignSelf": "center",
          "top": 150,
        },
        undefined,
        {
          "backgroundColor": "transparent",
          "marginTop": -110,
          "position": "absolute",
        },
      ]
    }
  >
    <View
      accessible={true}
      collapsable={false}
      focusable={true}
      onClick={[Function]}
      onResponderGrant={[Function]}
      onResponderMove={[Function]}
      onResponderRelease={[Function]}
      onResponderTerminate={[Function]}
      onResponderTerminationRequest={[Function]}
      onStartShouldSetResponder={[Function]}
      style={
        {
          "flex": 1,
          "flexDirection": "row",
          "opacity": 1,
        }
      }
    >
      <View
        style={
          {
            "alignItems": "center",
            "borderRadius": 100,
            "height": 28,
            "justifyContent": "center",
            "marginLeft": 18,
            "marginTop": 21,
            "width": 28,
            "zIndex": 100,
          }
        }
      />
      <View
        style={
          {
            "flex": 1,
            "zIndex": 100,
          }
        }
      >
        <Text
          ellipsizeMode="middle"
          numberOfLines={3}
          style={
            [
              {
                "fontWeight": "500",
                "marginTop": 17,
                "paddingHorizontal": 20,
              },
              {
                "color": "#FFFFFF",
              },
            ]
          }
        />
        <Text
          ellipsizeMode="middle"
          numberOfLines={3}
          style={
            [
              {
                "fontWeight": "400",
                "marginTop": 6,
                "paddingHorizontal": 20,
              },
              {
                "color": "#FFFFFF",
              },
            ]
          }
        />
      </View>
    </View>
  </View>
</View>
`;

exports[`Avatar renders badge with different sizes renders badge with small sizes  and source prop 1`] = `
<View
  style={
    {
      "flex": 1,
    }
  }
>
  <View
    style={
      [
        {
          "alignItems": "center",
          "backgroundColor": "#EDEAF8",
          "borderRadius": 50,
          "height": 30,
          "justifyContent": "center",
          "width": 30,
        },
        undefined,
      ]
    }
  >
    <Image
      resizeMethod="auto"
      source={
        {
          "uri": "https://docs.teraportfoy.com/test-images/sliders/slider_1.jpg",
        }
      }
      style={
        [
          {
            "borderRadius": 50,
            "height": 30,
            "width": 30,
          },
        ]
      }
    />
  </View>
  <View
    entering={BaseAnimationMock {}}
    exiting={BaseAnimationMock {}}
    layout={BaseAnimationMock {}}
    style={
      [
        {
          "alignItems": "center",
          "borderRadius": 10,
          "height": 100,
          "paddingHorizontal": 24,
          "width": "100%",
          "zIndex": 100,
        },
        {
          "alignSelf": "center",
          "top": 150,
        },
        undefined,
        {
          "backgroundColor": "transparent",
          "marginTop": -110,
          "position": "absolute",
        },
      ]
    }
  >
    <View
      accessible={true}
      collapsable={false}
      focusable={true}
      onClick={[Function]}
      onResponderGrant={[Function]}
      onResponderMove={[Function]}
      onResponderRelease={[Function]}
      onResponderTerminate={[Function]}
      onResponderTerminationRequest={[Function]}
      onStartShouldSetResponder={[Function]}
      style={
        {
          "flex": 1,
          "flexDirection": "row",
          "opacity": 1,
        }
      }
    >
      <View
        style={
          {
            "alignItems": "center",
            "borderRadius": 100,
            "height": 28,
            "justifyContent": "center",
            "marginLeft": 18,
            "marginTop": 21,
            "width": 28,
            "zIndex": 100,
          }
        }
      />
      <View
        style={
          {
            "flex": 1,
            "zIndex": 100,
          }
        }
      >
        <Text
          ellipsizeMode="middle"
          numberOfLines={3}
          style={
            [
              {
                "fontWeight": "500",
                "marginTop": 17,
                "paddingHorizontal": 20,
              },
              {
                "color": "#FFFFFF",
              },
            ]
          }
        />
        <Text
          ellipsizeMode="middle"
          numberOfLines={3}
          style={
            [
              {
                "fontWeight": "400",
                "marginTop": 6,
                "paddingHorizontal": 20,
              },
              {
                "color": "#FFFFFF",
              },
            ]
          }
        />
      </View>
    </View>
  </View>
</View>
`;

exports[`Avatar renders badge with different sizes renders badge with small sizes and label prop 1`] = `
<View
  style={
    {
      "flex": 1,
    }
  }
>
  <View
    style={
      [
        {
          "alignItems": "center",
          "backgroundColor": "#EDEAF8",
          "borderRadius": 50,
          "height": 30,
          "justifyContent": "center",
          "width": 30,
        },
        undefined,
      ]
    }
  >
    <Text
      style={
        [
          {
            "color": "#8973CD",
          },
          {
            "fontFamily": "Poppins-Medium",
            "fontSize": 12,
            "lineHeight": 18,
          },
          undefined,
        ]
      }
    >
      T
    </Text>
  </View>
  <View
    entering={BaseAnimationMock {}}
    exiting={BaseAnimationMock {}}
    layout={BaseAnimationMock {}}
    style={
      [
        {
          "alignItems": "center",
          "borderRadius": 10,
          "height": 100,
          "paddingHorizontal": 24,
          "width": "100%",
          "zIndex": 100,
        },
        {
          "alignSelf": "center",
          "top": 150,
        },
        undefined,
        {
          "backgroundColor": "transparent",
          "marginTop": -110,
          "position": "absolute",
        },
      ]
    }
  >
    <View
      accessible={true}
      collapsable={false}
      focusable={true}
      onClick={[Function]}
      onResponderGrant={[Function]}
      onResponderMove={[Function]}
      onResponderRelease={[Function]}
      onResponderTerminate={[Function]}
      onResponderTerminationRequest={[Function]}
      onStartShouldSetResponder={[Function]}
      style={
        {
          "flex": 1,
          "flexDirection": "row",
          "opacity": 1,
        }
      }
    >
      <View
        style={
          {
            "alignItems": "center",
            "borderRadius": 100,
            "height": 28,
            "justifyContent": "center",
            "marginLeft": 18,
            "marginTop": 21,
            "width": 28,
            "zIndex": 100,
          }
        }
      />
      <View
        style={
          {
            "flex": 1,
            "zIndex": 100,
          }
        }
      >
        <Text
          ellipsizeMode="middle"
          numberOfLines={3}
          style={
            [
              {
                "fontWeight": "500",
                "marginTop": 17,
                "paddingHorizontal": 20,
              },
              {
                "color": "#FFFFFF",
              },
            ]
          }
        />
        <Text
          ellipsizeMode="middle"
          numberOfLines={3}
          style={
            [
              {
                "fontWeight": "400",
                "marginTop": 6,
                "paddingHorizontal": 20,
              },
              {
                "color": "#FFFFFF",
              },
            ]
          }
        />
      </View>
    </View>
  </View>
</View>
`;
